Microchip MPLAB XC8 Compiler V3.00

Linker command line:

-W-3 \
  --edf=/Users/armando/.mchp_packs/Microchip/PIC18F-Q_DFP/1.28.451/xc8/pic/dat/20250324195656_en.msgs \
  -pivt0x8=08h -cn -h+dist/default/production/PIPIPI.X.production.sym \
  --cmf=dist/default/production/PIPIPI.X.production.cmf -z -Q18F57Q43 \
  -o/tmp/xcb0K4zwT/driver_tmp_3.o --defsym=__MPLAB_BUILD=1 \
  --fixupoverflow=error -Mdist/default/production/PIPIPI.X.production.map \
  --md=/tmp/xcb0K4zwT/driver_tmp_0.dat -E1 -ver=XC8 Compiler \
  -ACODE=00h-01FFFFh -ACONST=00h-01FFFFh \
  -ASMALLCONST=02600h-026FFhx218,012600h-0126FFhx218 \
  -AMEDIUMCONST=02600h-0FFFFh,012600h-01FFFFh -ACOMRAM=0501h-055Fh \
  -AABS1=0500h-024FFh -ABIGRAM=0501h-024FFh \
  -ARAM=0560h-05FFh,0600h-06FFhx31 -ABANK5=0560h-05FFh -ABANK6=0600h-06FFh \
  -ABANK7=0700h-07FFh -ABANK8=0800h-08FFh -ABANK9=0900h-09FFh \
  -ABANK10=0A00h-0AFFh -ABANK11=0B00h-0BFFh -ABANK12=0C00h-0CFFh \
  -ABANK13=0D00h-0DFFh -ABANK14=0E00h-0EFFh -ABANK15=0F00h-0FFFh \
  -ABANK16=01000h-010FFh -ABANK17=01100h-011FFh -ABANK18=01200h-012FFh \
  -ABANK19=01300h-013FFh -ABANK20=01400h-014FFh -ABANK21=01500h-015FFh \
  -ABANK22=01600h-016FFh -ABANK23=01700h-017FFh -ABANK24=01800h-018FFh \
  -ABANK25=01900h-019FFh -ABANK26=01A00h-01AFFh -ABANK27=01B00h-01BFFh \
  -ABANK28=01C00h-01CFFh -ABANK29=01D00h-01DFFh -ABANK30=01E00h-01EFFh \
  -ABANK31=01F00h-01FFFh -ABANK32=02000h-020FFh -ABANK33=02100h-021FFh \
  -ABANK34=02200h-022FFh -ABANK35=02300h-023FFh -ABANK36=02400h-024FFh \
  -ASFR=00h-0FFhx4,0400h-045Fh,0460h-04FFh,02500h-025FFh \
  -ABIGSFR=00h-04FFh,02500h-025FFh -ACONFIG=0300000h-0300011h \
  -AIDLOC=0200000h-020003Fh -AEEDATA=0380000h-03803FFh -peeprom_data=EEDATA \
  -preset_vec=00h -ppowerup=CODE,init -pramtop=02600h \
  -psmallconst=SMALLCONST -pmediumconst=MEDIUMCONST -pconst=CONST \
  -AFARRAM=00h-00h \
  -prdata=COMRAM,nvrram=COMRAM,nvbit=COMRAM,rbss=COMRAM,rbit=COMRAM \
  -pfarbss=FARRAM,fardata=FARRAM,nvFARRAM=FARRAM \
  -pintsave_regs=BIGRAM,bigbss=BIGRAM,bigdata=BIGRAM -pbss=RAM \
  -pidata=CODE,irdata=CODE,ibigdata=CODE,ifardata=CODE -prparam=COMRAM \
  /tmp/xcb0K4zwT/driver_tmp_14.o \
  dist/default/production/PIPIPI.X.production.o 

Object code version is 3.11

Machine type is 18F57Q43



                Name                               Link     Load   Length Selector   Space Scale
/tmp/xcb0K4zwT/driver_tmp_14.o
                config                           300000   300000        A        0       4
                init                                102      102        4        4       0
                reset_vec                             0        0        4        0       0
dist/default/production/PIPIPI.X.production.o
                config                           300000   300000        A        0       4
                mediumconst                        FD7E     FD7E      282     7EBF       0
                ivt0x8                                8        8       FA        4       0
                text148                           1641A    1641A       36     5615       0
                text147                           16A54    16A54        6     5A95       0
                text146                           16A68    16A68        2     5A95       0
                text145                           16A66    16A66        2     5A95       0
                text144                           16A64    16A64        2     5A95       0
                text143                           168EA    168EA       16     59D6       0
                text142                           16450    16450       34     5615       0
                text141                           166E2    166E2       22     5615       0
                text140                           1486C    1486C      178     8000       0
                text139                           168D4    168D4       16     59D6       0
                text138                           16A62    16A62        2     5A95       0
                text137                           164E8    164E8       32     5615       0
                text136                           16788    16788       18     59D6       0
                text135                           16A60    16A60        2     5A95       0
                text134                           164B6    164B6       32     5615       0
                text133                           16770    16770       18     59D6       0
                text132                           16A5E    16A5E        2     5A95       0
                text131                           16484    16484       32     5615       0
                text130                           16758    16758       18     59D6       0
                text129                           16A5C    16A5C        2     5A95       0
                text128                           16950    16950       14     59D6       0
                text127                           16A4C    16A4C        6     59D6       0
                text126                           1693C    1693C       14     59D6       0
                text125                           16976    16976       10     59D6       0
                text124                           16928    16928       14     59D6       0
                text123                           1624C    1624C       3E     5615       0
                text122                           168BE    168BE       16     59D6       0
                text121                           168A8    168A8       16     59D6       0
                text120                           16892    16892       16     59D6       0
                text119                           1687C    1687C       16     59D6       0
                text118                           16866    16866       16     59D6       0
                text117                           15308    15308       B8     8000       0
                text116                           16A08    16A08        8     59D6       0
                text115                           169D6    169D6        A     59D6       0
                text114                           16A46    16A46        6     59D6       0
                text113                           16634    16634       26     5615       0
                text112                           16A00    16A00        8     59D6       0
                text111                           169F8    169F8        8     59D6       0
                text110                           16A40    16A40        6     59D6       0
                text109                           1660E    1660E       26     5615       0
                text108                           16A3A    16A3A        6     59D6       0
                text107                           169F0    169F0        8     59D6       0
                text106                           16A34    16A34        6     59D6       0
                text105                           165E8    165E8       26     5615       0
                text104                           15854    15854       92     5615       0
                text103                           16A2E    16A2E        6     59D6       0
                text102                           169BE    169BE        E     59D6       0
                text101                           15528    15528       AE     8000       0
                text100                           15E54    15E54       5A     5615       0
                text99                            15680    15680       A4     8000       0
                text98                            15192    15192       BE     8000       0
                text97                            16704    16704       1E     5615       0
                text96                            122E8    122E8      428     8000       0
                text95                            14B42    14B42      108     8000       0
                text94                            14394    14394      1B4     8000       0
                text93                            13BD0    13BD0      228     8000       0
                text92                            1673E    1673E       18     5615       0
                text91                            132B8    132B8      392     8000       0
                text90                            146DC    146DC      190     8000       0
                text89                            16572    16572       2A     5615       0
                text88                            169E8    169E8        8     59D6       0
                text87                            169E0    169E0        8     59D6       0
                text86                            16A28    16A28        6     59D6       0
                text85                            16A22    16A22        6     59D6       0
                text84                            16302    16302       3A     5615       0
                text83                            15F5A    15F5A       54     5615       0
                text82                            14548    14548      194     8000       0
                text81                            11E30    11E30      4B8     8000       0
                text80                            1617E    1617E       48     5615       0
                text79                            12F04    12F04      3B4     8000       0
                text78                            14C4A    14C4A      106     8000       0
                text77                            163E4    163E4       36     5615       0
                text76                            1400E    1400E      1CC     8000       0
                text75                            163AC    163AC       38     5615       0
                text74                            14D50    14D50       FE     8000       0
                text73                            109FC    109FC      788     8000       0
                text72                            1180A    1180A      626     8000       0
                text71                            12B20    12B20      3E4     8000       0
                text70                            1364A    1364A      33A     8000       0
                text69                            157C0    157C0       92     8000       0
                text68                            15FAE    15FAE       52     5615       0
                text67                            159F6    159F6       82     5615       0
                text66                            153C0    153C0       B6     8000       0
                text65                            12710    12710      410     8000       0
                text64                            14E4E    14E4E       F0     8000       0
                text63                            16374    16374       38     5615       0
                text62                            1633C    1633C       38     5615       0
                text61                            15CCC    15CCC       6A     5615       0
                text60                            15D98    15D98       62     5615       0
                text59                            15476    15476       B2     8000       0
                text58                            16722    16722       1C     5615       0
                text57                            169B0    169B0        E     59D6       0
                text56                            16A1C    16A1C        6     59D6       0
                text55                            15BEA    15BEA       74     5615       0
                text54                            141DA    141DA      1BA     8000       0
                text53                            1620A    1620A       42     5615       0
                text52                            15250    15250       B8     8000       0
                text51                            16850    16850       16     59D6       0
                text50                            1683A    1683A       16     59D6       0
                text49                            16A16    16A16        6     59D6       0
                text48                            16824    16824       16     59D6       0
                text47                            1680E    1680E       16     59D6       0
                text46                            167F8    167F8       16     59D6       0
                text45                            167E2    167E2       16     59D6       0
                text44                            16914    16914       14     59D6       0
                text43                            16900    16900       14     59D6       0
                text42                            15DFA    15DFA       5A     5615       0
                text41                            169A2    169A2        E     59D6       0
                text40                            16994    16994        E     59D6       0
                text39                            16986    16986        E     59D6       0
                text38                            15972    15972       84     5615       0
                text37                            150D4    150D4       BE     8000       0
                text36                            1651A    1651A       2E     5615       0
                text35                            165C2    165C2       26     5615       0
                text34                            1659C    1659C       26     5615       0
                text33                            166C0    166C0       22     5615       0
                text32                            1669E    1669E       22     5615       0
                text31                            1667C    1667C       22     5615       0
                text30                            15724    15724       9C     8000       0
                text29                            16548    16548       2A     5615       0
                text28                            16A10    16A10        6     59D6       0
                text27                            1665A    1665A       22     5615       0
                text26                            167CC    167CC       16     59D6       0
                text25                            16134    16134       4A     5615       0
                text24                            15B74    15B74       76     5615       0
                text23                            15A78    15A78       80     5615       0
                text22                            158E6    158E6       8C     5615       0
                text21                            162C6    162C6       3C     5615       0
                text20                            160EA    160EA       4A     5615       0
                text19                            160A0    160A0       4A     5615       0
                text18                            167B6    167B6       16     59D6       0
                text17                            149E4    149E4      15E     8000       0
                text16                            167A0    167A0       16     59D6       0
                text15                            15D36    15D36       62     5615       0
                text14                            155D6    155D6       AA     8000       0
                text13                            13DF8    13DF8      216     8000       0
                text12                            15F04    15F04       56     5615       0
                text11                            16050    16050       50     5615       0
                text10                            16A5A    16A5A        2     5A95       0
                text9                             1500A    1500A       CA     8000       0
                text8                             161C6    161C6       44     5615       0
                text7                             15C5E    15C5E       6E     5615       0
                text6                             1628A    1628A       3C     5615       0
                text5                             10000    10000      9FC     8000       0
                text4                             14F3E    14F3E       CC     8000       0
                text3                             13984    13984      24C     8000       0
                text2                             15EAE    15EAE       56     5615       0
                text1                             16000    16000       50     5615       0
                text0                             11184    11184      686     8000       0
                cstackCOMRAM                        501      501       33      501       1
                cstackBANK5                         560      560       9E      560       1
                cstackBANK6                         600      600       79      600       1
                dataBANK7                           7CA      7CA        A      700       1
                bssBANK7                            700      700       CA      700       1
                dataBANK6                           6DE      6DE       12      600       1
                bssBANK6                            679      679       65      600       1
                bssBANK5                            5FE      5FE        1      560       1
                bssCOMRAM                           534      534       1C      501       1
                cinit                             15AF8    15AF8       7C     5615       0
                nvBANK6                             6F0      6F0        9      600       1
                idataBANK7                        169CC    169CC        A     59D6       0
                idataBANK6                        16964    16964       12     59D6       0

TOTAL           Name                               Link     Load   Length     Space
        CLASS   CODE           
                init                                102      102        4         0
                reset_vec                             0        0        4         0
                ivt0x8                                8        8       FA         0
                text148                           1641A    1641A       36         0
                text147                           16A54    16A54        6         0
                text146                           16A68    16A68        2         0
                text145                           16A66    16A66        2         0
                text144                           16A64    16A64        2         0
                text143                           168EA    168EA       16         0
                text142                           16450    16450       34         0
                text141                           166E2    166E2       22         0
                text140                           1486C    1486C      178         0
                text139                           168D4    168D4       16         0
                text138                           16A62    16A62        2         0
                text137                           164E8    164E8       32         0
                text136                           16788    16788       18         0
                text135                           16A60    16A60        2         0
                text134                           164B6    164B6       32         0
                text133                           16770    16770       18         0
                text132                           16A5E    16A5E        2         0
                text131                           16484    16484       32         0
                text130                           16758    16758       18         0
                text129                           16A5C    16A5C        2         0
                text128                           16950    16950       14         0
                text127                           16A4C    16A4C        6         0
                text126                           1693C    1693C       14         0
                text125                           16976    16976       10         0
                text124                           16928    16928       14         0
                text123                           1624C    1624C       3E         0
                text122                           168BE    168BE       16         0
                text121                           168A8    168A8       16         0
                text120                           16892    16892       16         0
                text119                           1687C    1687C       16         0
                text118                           16866    16866       16         0
                text117                           15308    15308       B8         0
                text116                           16A08    16A08        8         0
                text115                           169D6    169D6        A         0
                text114                           16A46    16A46        6         0
                text113                           16634    16634       26         0
                text112                           16A00    16A00        8         0
                text111                           169F8    169F8        8         0
                text110                           16A40    16A40        6         0
                text109                           1660E    1660E       26         0
                text108                           16A3A    16A3A        6         0
                text107                           169F0    169F0        8         0
                text106                           16A34    16A34        6         0
                text105                           165E8    165E8       26         0
                text104                           15854    15854       92         0
                text103                           16A2E    16A2E        6         0
                text102                           169BE    169BE        E         0
                text101                           15528    15528       AE         0
                text100                           15E54    15E54       5A         0
                text99                            15680    15680       A4         0
                text98                            15192    15192       BE         0
                text97                            16704    16704       1E         0
                text96                            122E8    122E8      428         0
                text95                            14B42    14B42      108         0
                text94                            14394    14394      1B4         0
                text93                            13BD0    13BD0      228         0
                text92                            1673E    1673E       18         0
                text91                            132B8    132B8      392         0
                text90                            146DC    146DC      190         0
                text89                            16572    16572       2A         0
                text88                            169E8    169E8        8         0
                text87                            169E0    169E0        8         0
                text86                            16A28    16A28        6         0
                text85                            16A22    16A22        6         0
                text84                            16302    16302       3A         0
                text83                            15F5A    15F5A       54         0
                text82                            14548    14548      194         0
                text81                            11E30    11E30      4B8         0
                text80                            1617E    1617E       48         0
                text79                            12F04    12F04      3B4         0
                text78                            14C4A    14C4A      106         0
                text77                            163E4    163E4       36         0
                text76                            1400E    1400E      1CC         0
                text75                            163AC    163AC       38         0
                text74                            14D50    14D50       FE         0
                text73                            109FC    109FC      788         0
                text72                            1180A    1180A      626         0
                text71                            12B20    12B20      3E4         0
                text70                            1364A    1364A      33A         0
                text69                            157C0    157C0       92         0
                text68                            15FAE    15FAE       52         0
                text67                            159F6    159F6       82         0
                text66                            153C0    153C0       B6         0
                text65                            12710    12710      410         0
                text64                            14E4E    14E4E       F0         0
                text63                            16374    16374       38         0
                text62                            1633C    1633C       38         0
                text61                            15CCC    15CCC       6A         0
                text60                            15D98    15D98       62         0
                text59                            15476    15476       B2         0
                text58                            16722    16722       1C         0
                text57                            169B0    169B0        E         0
                text56                            16A1C    16A1C        6         0
                text55                            15BEA    15BEA       74         0
                text54                            141DA    141DA      1BA         0
                text53                            1620A    1620A       42         0
                text52                            15250    15250       B8         0
                text51                            16850    16850       16         0
                text50                            1683A    1683A       16         0
                text49                            16A16    16A16        6         0
                text48                            16824    16824       16         0
                text47                            1680E    1680E       16         0
                text46                            167F8    167F8       16         0
                text45                            167E2    167E2       16         0
                text44                            16914    16914       14         0
                text43                            16900    16900       14         0
                text42                            15DFA    15DFA       5A         0
                text41                            169A2    169A2        E         0
                text40                            16994    16994        E         0
                text39                            16986    16986        E         0
                text38                            15972    15972       84         0
                text37                            150D4    150D4       BE         0
                text36                            1651A    1651A       2E         0
                text35                            165C2    165C2       26         0
                text34                            1659C    1659C       26         0
                text33                            166C0    166C0       22         0
                text32                            1669E    1669E       22         0
                text31                            1667C    1667C       22         0
                text30                            15724    15724       9C         0
                text29                            16548    16548       2A         0
                text28                            16A10    16A10        6         0
                text27                            1665A    1665A       22         0
                text26                            167CC    167CC       16         0
                text25                            16134    16134       4A         0
                text24                            15B74    15B74       76         0
                text23                            15A78    15A78       80         0
                text22                            158E6    158E6       8C         0
                text21                            162C6    162C6       3C         0
                text20                            160EA    160EA       4A         0
                text19                            160A0    160A0       4A         0
                text18                            167B6    167B6       16         0
                text17                            149E4    149E4      15E         0
                text16                            167A0    167A0       16         0
                text15                            15D36    15D36       62         0
                text14                            155D6    155D6       AA         0
                text13                            13DF8    13DF8      216         0
                text12                            15F04    15F04       56         0
                text11                            16050    16050       50         0
                text10                            16A5A    16A5A        2         0
                text9                             1500A    1500A       CA         0
                text8                             161C6    161C6       44         0
                text7                             15C5E    15C5E       6E         0
                text6                             1628A    1628A       3C         0
                text5                             10000    10000      9FC         0
                text4                             14F3E    14F3E       CC         0
                text3                             13984    13984      24C         0
                text2                             15EAE    15EAE       56         0
                text1                             16000    16000       50         0
                text0                             11184    11184      686         0
                cinit                             15AF8    15AF8       7C         0
                idataBANK7                        169CC    169CC        A         0
                idataBANK6                        16964    16964       12         0

        CLASS   CONST          

        CLASS   SMALLCONST     

        CLASS   MEDIUMCONST    
                mediumconst                        FD7E     FD7E      282         0

        CLASS   COMRAM         
                cstackCOMRAM                        501      501       33         1
                bssCOMRAM                           534      534       1C         1

        CLASS   ABS1           

        CLASS   BIGRAM         

        CLASS   RAM            

        CLASS   BANK5          
                cstackBANK5                         560      560       9E         1
                bssBANK5                            5FE      5FE        1         1

        CLASS   BANK6          
                cstackBANK6                         600      600       79         1
                dataBANK6                           6DE      6DE       12         1
                bssBANK6                            679      679       65         1
                nvBANK6                             6F0      6F0        9         1

        CLASS   BANK7          
                dataBANK7                           7CA      7CA        A         1
                bssBANK7                            700      700       CA         1

        CLASS   BANK8          

        CLASS   BANK9          

        CLASS   BANK10         

        CLASS   BANK11         

        CLASS   BANK12         

        CLASS   BANK13         

        CLASS   BANK14         

        CLASS   BANK15         

        CLASS   BANK16         

        CLASS   BANK17         

        CLASS   BANK18         

        CLASS   BANK19         

        CLASS   BANK20         

        CLASS   BANK21         

        CLASS   BANK22         

        CLASS   BANK23         

        CLASS   BANK24         

        CLASS   BANK25         

        CLASS   BANK26         

        CLASS   BANK27         

        CLASS   BANK28         

        CLASS   BANK29         

        CLASS   BANK30         

        CLASS   BANK31         

        CLASS   BANK32         

        CLASS   BANK33         

        CLASS   BANK34         

        CLASS   BANK35         

        CLASS   BANK36         

        CLASS   SFR            

        CLASS   BIGSFR         

        CLASS   CONFIG         
                config                           300000   300000        A         4

        CLASS   IDLOC          

        CLASS   EEDATA         

        CLASS   FARRAM         

        CLASS   HEAP           

        CLASS   STACK          



SEGMENTS        Name                           Load    Length   Top    Selector   Space  Class

                reset_vec                      000000  000004  000004         0       0  CODE    
                text5                          010000  005852  015852      8000       0  CODE    
                text130                        016758  0002FA  016A52      59D6       0  CODE    
                text104                        015854  000F02  016756      5615       0  CODE    
                text147                        016A54  000016  016A6A      5A95       0  CODE    
                cstackCOMRAM                   000501  00004F  000550       501       1  COMRAM  
                ivt0x8                         000008  0000FE  000106         4       0  CODE    
                mediumconst                    00FD7E  000282  010000      7EBF       0  MEDIUMCO
                cstackBANK5                    000560  00009F  0005FF       560       1  BANK5   
                bssBANK7                       000700  0000D4  0007D4       700       1  BANK7   
                cstackBANK6                    000600  0000F9  0006F9       600       1  BANK6   


UNUSED ADDRESS RANGES

        Name                Unused          Largest block    Delta
        BANK10           000A00-000AFF              100
        BANK11           000B00-000BFF              100
        BANK12           000C00-000CFF              100
        BANK13           000D00-000DFF              100
        BANK14           000E00-000EFF              100
        BANK15           000F00-000FFF              100
        BANK16           001000-0010FF              100
        BANK17           001100-0011FF              100
        BANK18           001200-0012FF              100
        BANK19           001300-0013FF              100
        BANK20           001400-0014FF              100
        BANK21           001500-0015FF              100
        BANK22           001600-0016FF              100
        BANK23           001700-0017FF              100
        BANK24           001800-0018FF              100
        BANK25           001900-0019FF              100
        BANK26           001A00-001AFF              100
        BANK27           001B00-001BFF              100
        BANK28           001C00-001CFF              100
        BANK29           001D00-001DFF              100
        BANK30           001E00-001EFF              100
        BANK31           001F00-001FFF              100
        BANK32           002000-0020FF              100
        BANK33           002100-0021FF              100
        BANK34           002200-0022FF              100
        BANK35           002300-0023FF              100
        BANK36           002400-0024FF              100
        BANK5            0005FF-0005FF                1
        BANK6            0006F9-0006FF                7
        BANK7            0007D4-0007FF               2C
        BANK8            000800-0008FF              100
        BANK9            000900-0009FF              100
        BIGRAM           000550-00055F               10
                         0005FF-0005FF                1
                         0006F9-0006FF                7
                         0007D4-0024FF             1D2C
        BIGSFR           000000-0004FF              500
                         002500-0025FF              100
        CODE             000004-000007                4
                         000106-00FD7D             FC78
                         015852-015853                2
                         016756-016757                2
                         016A52-016A53                2
                         016A6A-01FFFF             9596
        COMRAM           000550-00055F               10
        CONFIG           30000A-300011                8
        CONST            000004-000007                4
                         000106-00FD7D             FC78
                         015852-015853                2
                         016756-016757                2
                         016A52-016A53                2
                         016A6A-01FFFF             9596
        EEDATA           380000-3803FF              400
        IDLOC            200000-20003F               40
        MEDIUMCONST      002600-00FD7D             D77E
                         015852-015853                2
                         016756-016757                2
                         016A52-016A53                2
                         016A6A-01FFFF             9596
        RAM              0005FF-0005FF                1
                         0006F9-0006FF                7
                         0007D4-0024FF              100
        SFR              000000-0004FF              100
                         002500-0025FF              100
        SMALLCONST       002600-00FD7D              100
                         015852-015853                2
                         016756-016757                2
                         016A52-016A53                2
                         016A6A-01FFFF              100

                                  Symbol Table

?_ConvertPercentToPWM                              cstackCOMRAM 00052A
?_HC_SR04_Get_Filtered_Value                       cstackCOMRAM 00052A
?_HC_SR04_Measure_Echo_Time                        cstackBANK5  000571
?_HC_SR04_Read_Distance_CM                         cstackBANK5  0005B3
?_TMR0_CounterGet                                  cstackCOMRAM 000511
?___awmod                                          cstackCOMRAM 000511
?___fladd                                          cstackBANK5  00056D
?___fldiv                                          cstackBANK5  00059A
?___flmul                                          cstackCOMRAM 00051F
?___flneg                                          cstackCOMRAM 000511
?___flsub                                          cstackBANK5  000575
?___fltol                                          cstackBANK5  00056D
?___fpclassifyf                                    cstackCOMRAM 000511
?___lldiv                                          cstackCOMRAM 00051D
?___lmul                                           cstackCOMRAM 000511
?___lwdiv                                          cstackCOMRAM 000511
?___xxtofl                                         cstackCOMRAM 000511
?_atan2f                                           cstackBANK5  0005E9
?_atanf                                            cstackBANK5  0005BB
?_fabsf                                            cstackBANK5  0005B3
?_floorf                                           cstackBANK5  0005B3
?_labs                                             cstackCOMRAM 000511
?_read_prec_or_width                               cstackCOMRAM 000511
?_sprintf                                          cstackBANK6  000615
?_sqrtf                                            cstackBANK5  000575
?_vfprintf                                         cstackBANK6  00060D
CCP1_LoadDutyValue@dutyValue                       cstackCOMRAM 000513
CCP1_LoadDutyValue@dutycycleValue                  cstackCOMRAM 000511
CCP2_LoadDutyValue@dutyValue                       cstackCOMRAM 000513
CCP2_LoadDutyValue@dutycycleValue                  cstackCOMRAM 000511
ConvertPercentToPWM@percentage                     cstackCOMRAM 00052C
DetectAdvancedGestures@abs_ax                      cstackBANK5  0005C1
DetectAdvancedGestures@abs_ay                      cstackBANK5  0005C5
DetectAdvancedGestures@abs_az                      cstackBANK5  0005C9
DetectAdvancedGestures@data                        cstackBANK5  0005BB
HC_SR04_Add_To_Filter@distance                     cstackCOMRAM 000517
HC_SR04_Get_Filtered_Value@count                   cstackBANK5  000567
HC_SR04_Get_Filtered_Value@i                       cstackBANK5  000566
HC_SR04_Get_Filtered_Value@sum                     cstackBANK5  000560
HC_SR04_Measure_Echo_Time@end_time                 cstackBANK5  000581
HC_SR04_Measure_Echo_Time@pulse_duration_ticks     cstackBANK5  00057B
HC_SR04_Measure_Echo_Time@start_time               cstackBANK5  00057F
HC_SR04_Measure_Echo_Time@timeout_counter_us       cstackBANK5  000583
HC_SR04_Read_Distance_CM@distance_float            cstackBANK5  0005B5
HC_SR04_Read_Distance_CM@i                         cstackBANK5  0005B9
I2C1_AddrTransmit@addr                             cstackCOMRAM 000511
I2C1_CounterSet@counter                            cstackCOMRAM 000511
I2C1_DataTransmit@data                             cstackCOMRAM 000503
I2C1_Write@address                                 cstackCOMRAM 000512
I2C1_Write@data                                    cstackCOMRAM 000514
I2C1_Write@dataLength                              cstackCOMRAM 000516
I2C1_Write@retStatus                               cstackCOMRAM 000518
I2C1_WriteRead@address                             cstackCOMRAM 000512
I2C1_WriteRead@readData                            cstackCOMRAM 000518
I2C1_WriteRead@readLength                          cstackCOMRAM 00051A
I2C1_WriteRead@retStatus                           cstackCOMRAM 00051C
I2C1_WriteRead@writeData                           cstackCOMRAM 000514
I2C1_WriteRead@writeLength                         cstackCOMRAM 000516
INT0_SetInterruptHandler@InterruptHandler          cstackCOMRAM 000511
INT1_SetInterruptHandler@InterruptHandler          cstackCOMRAM 000511
INT2_SetInterruptHandler@InterruptHandler          cstackCOMRAM 000511
INTERRUPT_Initialize@state                         cstackCOMRAM 000514
IVTBASEH                                           (abs)        00045E
IVTBASEL                                           (abs)        00045D
IVTBASEU                                           (abs)        00045F
MPU6050_Calibrate@ax                               cstackBANK5  0005D1
MPU6050_Calibrate@ay                               cstackBANK5  0005D3
MPU6050_Calibrate@az                               cstackBANK5  0005D5
MPU6050_Calibrate@gx                               cstackBANK5  0005D7
MPU6050_Calibrate@gy                               cstackBANK5  0005D9
MPU6050_Calibrate@gz                               cstackBANK5  0005DB
MPU6050_Calibrate@i                                cstackBANK5  0005DD
MPU6050_Calibrate@temp                             cstackBANK5  0005B7
MPU6050_Calibrate@temp_accelX                      cstackBANK5  0005B9
MPU6050_Calibrate@temp_accelY                      cstackBANK5  0005BD
MPU6050_Calibrate@temp_accelZ                      cstackBANK5  0005C1
MPU6050_Calibrate@temp_gyroX                       cstackBANK5  0005C5
MPU6050_Calibrate@temp_gyroY                       cstackBANK5  0005C9
MPU6050_Calibrate@temp_gyroZ                       cstackBANK5  0005CD
MPU6050_GetMovement@advanced_movement              cstackBANK6  000631
MPU6050_GetMovement@data                           cstackBANK5  0005F9
MPU6050_GetMovement@pitch_accel                    cstackBANK6  00062D
MPU6050_GetMovement@roll_accel                     cstackBANK6  000629
MPU6050_ReadRegister@data_read                     cstackCOMRAM 000520
MPU6050_ReadRegister@reg                           cstackCOMRAM 00051D
MPU6050_ReadRegister@reg_addr                      cstackCOMRAM 00051F
MPU6050_ReadRegister@result                        cstackCOMRAM 00051E
MPU6050_ReadSensorData@ax_raw                      cstackBANK5  0005B5
MPU6050_ReadSensorData@ay_raw                      cstackBANK5  0005B7
MPU6050_ReadSensorData@az_raw                      cstackBANK5  0005B9
MPU6050_ReadSensorData@data                        cstackBANK5  0005B3
MPU6050_ReadSensorData@gx_raw                      cstackBANK5  0005BB
MPU6050_ReadSensorData@gy_raw                      cstackBANK5  0005BD
MPU6050_ReadSensorData@gz_raw                      cstackBANK5  0005BF
MPU6050_ReadSensorData@temp_raw                    cstackBANK5  0005C1
MPU6050_ReadSensorRaw@accelX                       cstackCOMRAM 00051D
MPU6050_ReadSensorRaw@accelY                       cstackCOMRAM 00051F
MPU6050_ReadSensorRaw@accelZ                       cstackCOMRAM 000521
MPU6050_ReadSensorRaw@gyroX                        cstackCOMRAM 000525
MPU6050_ReadSensorRaw@gyroY                        cstackCOMRAM 000527
MPU6050_ReadSensorRaw@gyroZ                        cstackCOMRAM 000529
MPU6050_ReadSensorRaw@rawData                      cstackBANK5  000560
MPU6050_ReadSensorRaw@reg_addr                     cstackBANK5  00056F
MPU6050_ReadSensorRaw@result                       cstackBANK5  00056E
MPU6050_ReadSensorRaw@temp                         cstackCOMRAM 000523
MPU6050_WriteRegister@data                         cstackCOMRAM 000519
MPU6050_WriteRegister@reg                          cstackCOMRAM 00051A
MPU6050_WriteRegister@result                       cstackCOMRAM 00051D
MPU6050_WriteRegister@tx_buffer                    cstackCOMRAM 00051B
Motor_SetDirection@direction                       cstackCOMRAM 000511
Motor_SetDirection@motor_id                        cstackCOMRAM 000514
Motor_SetSpeed@motor_id                            cstackCOMRAM 00052F
Motor_SetSpeed@pwm_duty_value                      cstackCOMRAM 00052D
Motor_Stop@motor_id                                cstackCOMRAM 000530
Motors_SynchronizedDirection@dir_a                 cstackBANK5  000570
Motors_SynchronizedDirection@dir_b                 cstackBANK5  000569
Motors_SynchronizedDirection@direction_change      cstackBANK5  00056E
Motors_SynchronizedDirection@pwm_duty_value        cstackBANK5  00056A
Motors_SynchronizedStart@current_pwm               cstackBANK5  000567
Motors_SynchronizedStart@dir_a                     cstackBANK5  000562
Motors_SynchronizedStart@dir_b                     cstackCOMRAM 000530
Motors_SynchronizedStart@final_pwm_duty            cstackCOMRAM 000531
PCF_Wr@data                                        cstackCOMRAM 000519
PCF_Wr@result                                      cstackCOMRAM 00051A
PCF_Wr@tmp                                         cstackCOMRAM 00051B
Robot_MoveBackward@speed_pwm_duty                  cstackBANK5  000571
Robot_MoveForward@speed_pwm_duty                   cstackBANK5  000571
Robot_TurnLeft@speed_pwm_duty                      cstackBANK5  000571
Robot_TurnRight@speed_pwm_duty                     cstackBANK5  000571
TMR0_CounterGet@counterHighByte                    cstackCOMRAM 000518
TMR0_CounterGet@counterLowByte                     cstackCOMRAM 000517
TMR0_CounterGet@counterValue                       cstackCOMRAM 000515
UART1_FramingErrorCallbackRegister@callbackHandler cstackCOMRAM 000511
UART1_OverrunErrorCallbackRegister@callbackHandler cstackCOMRAM 000511
UART1_ParityErrorCallbackRegister@callbackHandler  cstackCOMRAM 000511
UART1_Read@readValue                               cstackCOMRAM 00050B
UART1_Read@tempRxTail                              cstackCOMRAM 00050A
UART1_ReceiveISR@regValue                          cstackCOMRAM 00050C
UART1_ReceiveISR@tempRxHead                        cstackCOMRAM 00050D
UART1_RxCompleteCallbackRegister@callbackHandler   cstackCOMRAM 000511
UART1_TransmitISR@tempTxTail                       cstackCOMRAM 000510
UART1_Write@tempTxHead                             cstackCOMRAM 000511
UART1_Write@txData                                 cstackCOMRAM 000512
UART1_sendString@str                               cstackCOMRAM 000513
_ACTCON                                            (abs)        0000AC
_ANSELA                                            (abs)        000400
_ANSELB                                            (abs)        000408
_ANSELC                                            (abs)        000410
_ANSELD                                            (abs)        000418
_ANSELE                                            (abs)        000420
_ANSELF                                            (abs)        000428
_CCP1CON                                           (abs)        000342
_CCP1CONbits                                       (abs)        000342
_CCP1_Initialize                                   text46       0167F8
_CCP1_LoadDutyValue                                text63       016374
_CCP2CON                                           (abs)        000346
_CCP2CONbits                                       (abs)        000346
_CCP2_Initialize                                   text45       0167E2
_CCP2_LoadDutyValue                                text62       01633C
_CCPR1H                                            (abs)        000341
_CCPR1L                                            (abs)        000340
_CCPR2H                                            (abs)        000345
_CCPR2L                                            (abs)        000344
_CCPTMRS0bits                                      (abs)        00034C
_CLOCK_Initialize                                  text44       016914
_ConvertPercentToPWM                               text60       015D98
_Default_ISR                                       text129      016A5C
_DetectAdvancedGestures                            text76       01400E
_DetectAdvancedGestures$4443                       cstackBANK5  0005BD
_GIE                                               (abs)        0026B7
_HC_SR04_Add_To_Filter                             text100      015E54
_HC_SR04_Get_Filtered_Value                        text98       015192
_HC_SR04_Get_Filtered_Value$3080                   cstackBANK5  000564
_HC_SR04_Get_Last_Status                           text103      016A2E
_HC_SR04_Init                                      text102      0169BE
_HC_SR04_Measure_Echo_Time                         text93       013BD0
_HC_SR04_Read_Distance_CM                          text90       0146DC
_HC_SR04_Trigger_Pulse                             text92       01673E
_I2C1ADB1                                          (abs)        00028F
_I2C1CLK                                           (abs)        00029C
_I2C1CNT                                           (abs)        00028D
_I2C1CON0                                          (abs)        000294
_I2C1CON0bits                                      (abs)        000294
_I2C1CON1                                          (abs)        000295
_I2C1CON1bits                                      (abs)        000295
_I2C1CON2                                          (abs)        000296
_I2C1ERR                                           (abs)        000297
_I2C1ERRbits                                       (abs)        000297
_I2C1PIE                                           (abs)        00029B
_I2C1PIEbits                                       (abs)        00029B
_I2C1PIR                                           (abs)        00029A
_I2C1PIRbits                                       (abs)        00029A
_I2C1RXB                                           (abs)        00028B
_I2C1SCLPPS                                        (abs)        000271
_I2C1SDAPPS                                        (abs)        000270
_I2C1STAT0bits                                     (abs)        000298
_I2C1STAT1                                         (abs)        000299
_I2C1STAT1bits                                     (abs)        000299
_I2C1TXB                                           (abs)        00028C
_I2C1_AddrTransmit                                 text88       0169E8
_I2C1_BufferClear                                  text116      016A08
_I2C1_BusReset                                     text123      01624C
_I2C1_Callback                                     bssBANK6     0006C7
_I2C1_CallbackRegister                             (abs)        000000
_I2C1_Close                                        text113      016634
_I2C1_CounterGet                                   text108      016A3A
_I2C1_CounterSet                                   text87       0169E0
_I2C1_DataReceive                                  text127      016A4C
_I2C1_DataTransmit                                 text107      0169F0
_I2C1_Deinitialize                                 (abs)        000000
_I2C1_ERROR_ISR                                    text117      015308
_I2C1_ErrorFlagsClear                              text115      0169D6
_I2C1_ErrorGet                                     (abs)        000000
_I2C1_Host                                         mediumconst  00FD7F
_I2C1_ISR                                          text104      015854
_I2C1_Initialize                                   text42       015DFA
_I2C1_InterruptsClear                              text114      016A46
_I2C1_InterruptsDisable                            text125      016976
_I2C1_InterruptsEnable                             text43       016900
_I2C1_IsAddr                                       text122      0168BE
_I2C1_IsBusCol                                     text121      0168A8
_I2C1_IsBusTimeOut                                 text120      016892
_I2C1_IsBusy                                       text89       016572
_I2C1_IsBusy$599                                   cstackCOMRAM 000511
_I2C1_IsData                                       text119      01687C
_I2C1_IsNack                                       text118      016866
_I2C1_RX_ISR                                       text126      01693C
_I2C1_Read                                         (abs)        000000
_I2C1_ReadStart                                    text109      01660E
_I2C1_RestartDisable                               text106      016A34
_I2C1_RestartEnable                                text86       016A28
_I2C1_StartSend                                    text85       016A22
_I2C1_StopSend                                     text105      0165E8
_I2C1_TX_ISR                                       text128      016950
_I2C1_Write                                        text68       015FAE
_I2C1_WriteRead                                    text83       015F5A
_I2C1_WriteStart                                   text84       016302
_INLVLA                                            (abs)        000404
_INLVLB                                            (abs)        00040C
_INLVLC                                            (abs)        000414
_INLVLD                                            (abs)        00041C
_INLVLE                                            (abs)        000424
_INLVLF                                            (abs)        00042C
_INT0PPS                                           (abs)        00023E
_INT0_CallBack                                     text131      016484
_INT0_DefaultInterruptHandler                      text132      016A5E
_INT0_ISR                                          text130      016758
_INT0_InterruptHandler                             bssBANK6     0006C4
_INT0_SetInterruptHandler                          text41       0169A2
_INT1_CallBack                                     text134      0164B6
_INT1_DefaultInterruptHandler                      text135      016A60
_INT1_ISR                                          text133      016770
_INT1_InterruptHandler                             bssBANK6     0006C1
_INT1_SetInterruptHandler                          text40       016994
_INT2_CallBack                                     text137      0164E8
_INT2_DefaultInterruptHandler                      text138      016A62
_INT2_ISR                                          text136      016788
_INT2_InterruptHandler                             bssBANK6     0006BE
_INT2_SetInterruptHandler                          text39       016986
_INTCON0bits                                       (abs)        0004D6
_INTERRUPT_Initialize                              text38       015972
_IOCAF                                             (abs)        000407
_IOCAN                                             (abs)        000406
_IOCAP                                             (abs)        000405
_IOCBF                                             (abs)        00040F
_IOCBN                                             (abs)        00040E
_IOCBP                                             (abs)        00040D
_IOCCF                                             (abs)        000417
_IOCCN                                             (abs)        000416
_IOCCP                                             (abs)        000415
_IOCEF                                             (abs)        000427
_IOCEN                                             (abs)        000426
_IOCEP                                             (abs)        000425
_IPR1bits                                          (abs)        000363
_IPR4bits                                          (abs)        000366
_IPR7bits                                          (abs)        000369
_IVTBASEH                                          (abs)        00045E
_IVTBASEL                                          (abs)        00045D
_IVTBASEU                                          (abs)        00045F
_IVTLOCK                                           (abs)        000459
_IVTLOCKbits                                       (abs)        000459
_LATA                                              (abs)        0004BE
_LATB                                              (abs)        0004BF
_LATC                                              (abs)        0004C0
_LATD                                              (abs)        0004C1
_LATDbits                                          (abs)        0004C1
_LATE                                              (abs)        0004C2
_LATF                                              (abs)        0004C3
_MPU6050_Calibrate                                 text79       012F04
_MPU6050_GetMovement                               text70       01364A
_MPU6050_GetMovement$4444                          cstackBANK6  000619
_MPU6050_GetMovement$4445                          cstackBANK6  00061D
_MPU6050_GetMovement$4446                          cstackBANK6  000621
_MPU6050_GetMovement$4447                          cstackBANK6  000625
_MPU6050_Init                                      text66       0153C0
_MPU6050_ReadRegister                              text69       0157C0
_MPU6050_ReadSensorData                            text65       012710
_MPU6050_ReadSensorRaw                             text82       014548
_MPU6050_WriteRegister                             text67       0159F6
_Motor_SetDirection                                text64       014E4E
_Motor_SetSpeed                                    text59       015476
_Motor_Stop                                        text58       016722
_Motors_Initialize                                 text56       016A1C
_Motors_StopAll                                    text57       0169B0
_Motors_SynchronizedDirection                      text52       015250
_Motors_SynchronizedDirection$3158                 cstackBANK5  00056F
_Motors_SynchronizedStart                          text54       0141DA
_Motors_SynchronizedStart$3150                     cstackBANK5  000563
_Motors_SynchronizedStart$3151                     cstackBANK5  000565
_Motors_SynchronizedStop                           text53       01620A
_ODCONA                                            (abs)        000402
_ODCONB                                            (abs)        00040A
_ODCONC                                            (abs)        000412
_ODCOND                                            (abs)        00041A
_ODCONE                                            (abs)        000422
_ODCONF                                            (abs)        00042A
_OSCCON1                                           (abs)        0000AD
_OSCCON3                                           (abs)        0000AF
_OSCEN                                             (abs)        0000B3
_OSCFRQ                                            (abs)        0000B1
_OSCTUNE                                           (abs)        0000B0
_PCF_Wr                                            text23       015A78
_PIE11bits                                         (abs)        0004A9
_PIE1bits                                          (abs)        00049F
_PIE3bits                                          (abs)        0004A1
_PIE4bits                                          (abs)        0004A2
_PIE7bits                                          (abs)        0004A5
_PIN_MANAGER_Initialize                            text37       0150D4
_PIR10bits                                         (abs)        0004B8
_PIR11bits                                         (abs)        0004B9
_PIR1bits                                          (abs)        0004AF
_PIR3bits                                          (abs)        0004B1
_PIR6bits                                          (abs)        0004B4
_PORTAbits                                         (abs)        0004CE
_RB1I2C                                            (abs)        000289
_RB1PPS                                            (abs)        00020A
_RB2I2C                                            (abs)        000288
_RB2PPS                                            (abs)        00020B
_RC2PPS                                            (abs)        000213
_RC3I2C                                            (abs)        000287
_RC4I2C                                            (abs)        000286
_RC6PPS                                            (abs)        000217
_RC7PPS                                            (abs)        000218
_Robot_MoveBackward                                text51       016850
_Robot_MoveForward                                 text50       01683A
_Robot_Stop                                        text49       016A16
_Robot_TurnLeft                                    text48       016824
_Robot_TurnRight                                   text47       01680E
_SLRCONA                                           (abs)        000403
_SLRCONB                                           (abs)        00040B
_SLRCONC                                           (abs)        000413
_SLRCOND                                           (abs)        00041B
_SLRCONE                                           (abs)        000423
_SLRCONF                                           (abs)        00042B
_SYSTEM_Initialize                                 text29       016548
_T0CON0                                            (abs)        00031A
_T0CON0bits                                        (abs)        00031A
_T0CON1                                            (abs)        00031B
_T2CLKCON                                          (abs)        000326
_T2CON                                             (abs)        000324
_T2CONbits                                         (abs)        000324
_T2HLT                                             (abs)        000325
_T2HLTbits                                         (abs)        000325
_T2PR                                              (abs)        000323
_T2RST                                             (abs)        000327
_T2RSTbits                                         (abs)        000327
_T2TMR                                             (abs)        000322
_T4CLKCON                                          (abs)        000332
_T4CON                                             (abs)        000330
_T4CONbits                                         (abs)        000330
_T4HLT                                             (abs)        000331
_T4HLTbits                                         (abs)        000331
_T4PR                                              (abs)        00032F
_T4RST                                             (abs)        000333
_T4RSTbits                                         (abs)        000333
_T4TMR                                             (abs)        00032E
_TMR0H                                             (abs)        000319
_TMR0L                                             (abs)        000318
_TMR0_CounterGet                                   text97       016704
_TMR0_DefaultCallback                              (abs)        000000
_TMR0_Initialize                                   text36       01651A
_TMR0_OverflowCallback                             nvBANK6      0006F0
_TMR0_Start                                        text28       016A10
_TMR2_DefaultPeriodMatchCallback                   (abs)        000000
_TMR2_Initialize                                   text35       0165C2
_TMR2_PeriodMatchCallback                          nvBANK6      0006F6
_TMR4_DefaultPeriodMatchCallback                   (abs)        000000
_TMR4_Initialize                                   text34       01659C
_TMR4_PeriodMatchCallback                          nvBANK6      0006F3
_TRISA                                             (abs)        0004C6
_TRISAbits                                         (abs)        0004C6
_TRISB                                             (abs)        0004C7
_TRISC                                             (abs)        0004C8
_TRISD                                             (abs)        0004C9
_TRISDbits                                         (abs)        0004C9
_TRISE                                             (abs)        0004CA
_TRISF                                             (abs)        0004CB
_U1BRGH                                            (abs)        0002AF
_U1BRGL                                            (abs)        0002AE
_U1CON0                                            (abs)        0002AB
_U1CON0bits                                        (abs)        0002AB
_U1CON1                                            (abs)        0002AC
_U1CON1bits                                        (abs)        0002AC
_U1CON2                                            (abs)        0002AD
_U1ERRIE                                           (abs)        0002B3
_U1ERRIR                                           (abs)        0002B2
_U1ERRIRbits                                       (abs)        0002B2
_U1FIFO                                            (abs)        0002B0
_U1P1H                                             (abs)        0002A6
_U1P1L                                             (abs)        0002A5
_U1P2H                                             (abs)        0002A8
_U1P2L                                             (abs)        0002A7
_U1P3H                                             (abs)        0002AA
_U1P3L                                             (abs)        0002A9
_U1RXB                                             (abs)        0002A1
_U1RXCHK                                           (abs)        0002A2
_U1RXPPS                                           (abs)        000272
_U1TXB                                             (abs)        0002A3
_U1TXCHK                                           (abs)        0002A4
_U1UIR                                             (abs)        0002B1
_U1UIRbits                                         (abs)        0002B1
_UART1_DefaultFramingErrorCallback                 text146      016A68
_UART1_DefaultOverrunErrorCallback                 text145      016A66
_UART1_DefaultParityErrorCallback                  text144      016A64
_UART1_FramingErrorCallbackRegister                text33       0166C0
_UART1_FramingErrorHandler                         bssBANK6     0006BB
_UART1_Initialize                                  text30       015724
_UART1_IsRxReady                                   text143      0168EA
_UART1_IsTxReady                                   text26       0167CC
_UART1_OverrunErrorCallbackRegister                text32       01669E
_UART1_OverrunErrorHandler                         bssBANK6     0006B8
_UART1_ParityErrorCallbackRegister                 text31       01667C
_UART1_ParityErrorHandler                          bssBANK6     0006B5
_UART1_Read                                        text142      016450
_UART1_ReceiveISR                                  text140      01486C
_UART1_Receive_Vector_ISR                          text139      0168D4
_UART1_RxCompleteCallbackRegister                  text27       01665A
_UART1_RxCompleteInterruptHandler                  bssBANK6     0006A9
_UART1_RxDataHandler                               text141      0166E2
_UART1_RxInterruptHandler                          bssBANK6     0006AC
_UART1_TransmitISR                                 text148      01641A
_UART1_Transmit_Vector_ISR                         text147      016A54
_UART1_TxCompleteInterruptHandler                  bssBANK6     0006AF
_UART1_TxInterruptHandler                          bssBANK6     0006B2
_UART1_Write                                       text25       016134
_UART1_sendString                                  text24       015B74
_WPUA                                              (abs)        000401
_WPUB                                              (abs)        000409
_WPUC                                              (abs)        000411
_WPUD                                              (abs)        000419
_WPUE                                              (abs)        000421
_WPUF                                              (abs)        000429
__HRAM                                             (abs)        000000
__H__absolute__                                    __absolute__ 000000
__Habs1                                            abs1         000000
__Hbank10                                          bank10       000000
__Hbank11                                          bank11       000000
__Hbank12                                          bank12       000000
__Hbank13                                          bank13       000000
__Hbank14                                          bank14       000000
__Hbank15                                          bank15       000000
__Hbank16                                          bank16       000000
__Hbank17                                          bank17       000000
__Hbank18                                          bank18       000000
__Hbank19                                          bank19       000000
__Hbank20                                          bank20       000000
__Hbank21                                          bank21       000000
__Hbank22                                          bank22       000000
__Hbank23                                          bank23       000000
__Hbank24                                          bank24       000000
__Hbank25                                          bank25       000000
__Hbank26                                          bank26       000000
__Hbank27                                          bank27       000000
__Hbank28                                          bank28       000000
__Hbank29                                          bank29       000000
__Hbank30                                          bank30       000000
__Hbank31                                          bank31       000000
__Hbank32                                          bank32       000000
__Hbank33                                          bank33       000000
__Hbank34                                          bank34       000000
__Hbank35                                          bank35       000000
__Hbank36                                          bank36       000000
__Hbank5                                           bank5        000000
__Hbank6                                           bank6        000000
__Hbank7                                           bank7        000000
__Hbank8                                           bank8        000000
__Hbank9                                           bank9        000000
__Hbigbss                                          bigbss       000000
__Hbigdata                                         bigdata      000000
__Hbigram                                          bigram       000000
__Hbigsfr                                          bigsfr       000000
__Hbss                                             bss          000000
__HbssBANK5                                        bssBANK5     000000
__HbssBANK6                                        bssBANK6     000000
__HbssBANK7                                        bssBANK7     000000
__HbssCOMRAM                                       bssCOMRAM    000000
__Hcinit                                           cinit        000000
__Hclrtext                                         clrtext      000000
__Hcomram                                          comram       000000
__Hconfig                                          config       30000A
__Hconst                                           const        000000
__HcstackBANK5                                     cstackBANK5  000000
__HcstackBANK6                                     cstackBANK6  000000
__HcstackCOMRAM                                    cstackCOMRAM 000000
__Hdata                                            data         000000
__HdataBANK6                                       dataBANK6    000000
__HdataBANK7                                       dataBANK7    000000
__Heeprom_data                                     eeprom_data  000000
__Hfarbss                                          farbss       000000
__Hfardata                                         fardata      000000
__Hheap                                            heap         000000
__Hibigdata                                        ibigdata     000000
__Hidata                                           idata        000000
__HidataBANK6                                      idataBANK6   000000
__HidataBANK7                                      idataBANK7   000000
__Hidloc                                           idloc        000000
__Hifardata                                        ifardata     000000
__Hinit                                            init         000106
__Hintsave_regs                                    intsave_regs 000000
__Hirdata                                          irdata       000000
__Hivt0x8                                          ivt0x8       000102
__Hmediumconst                                     mediumconst  010000
__HnvBANK6                                         nvBANK6      000000
__HnvFARRAM                                        nvFARRAM     000000
__Hnvbit                                           nvbit        000000
__Hnvrram                                          nvrram       000000
__Hparam                                           rparam       000000
__Hpowerup                                         powerup      000000
__Hram                                             ram          000000
__Hramtop                                          ramtop       002600
__Hrbit                                            rbit         000000
__Hrbss                                            rbss         000000
__Hrdata                                           rdata        000000
__Hreset_vec                                       reset_vec    000004
__Hrparam                                          rparam       000000
__Hsfr                                             sfr          000000
__Hsmallconst                                      smallconst   000000
__Hspace_0                                         (abs)        016A6A
__Hspace_1                                         (abs)        0007D4
__Hspace_2                                         (abs)        000000
__Hspace_4                                         (abs)        60000A
__Hstack                                           stack        000000
__Hstruct                                          struct       000000
__Htemp                                            temp         000000
__Htext                                            text         000000
__Htext0                                           text0        000000
__Htext1                                           text1        000000
__Htext10                                          text10       000000
__Htext100                                         text100      000000
__Htext101                                         text101      000000
__Htext102                                         text102      000000
__Htext103                                         text103      000000
__Htext104                                         text104      000000
__Htext105                                         text105      000000
__Htext106                                         text106      000000
__Htext107                                         text107      000000
__Htext108                                         text108      000000
__Htext109                                         text109      000000
__Htext11                                          text11       000000
__Htext110                                         text110      000000
__Htext111                                         text111      000000
__Htext112                                         text112      000000
__Htext113                                         text113      000000
__Htext114                                         text114      000000
__Htext115                                         text115      000000
__Htext116                                         text116      000000
__Htext117                                         text117      000000
__Htext118                                         text118      000000
__Htext119                                         text119      000000
__Htext12                                          text12       000000
__Htext120                                         text120      000000
__Htext121                                         text121      000000
__Htext122                                         text122      000000
__Htext123                                         text123      000000
__Htext124                                         text124      000000
__Htext125                                         text125      000000
__Htext126                                         text126      000000
__Htext127                                         text127      000000
__Htext128                                         text128      000000
__Htext129                                         text129      000000
__Htext13                                          text13       000000
__Htext130                                         text130      000000
__Htext131                                         text131      000000
[...]
efgtoa@w                                           cstackBANK5  0005E1
end_of_initialization                              cinit        015B6E
fabsf@F465                                         bssBANK6     000695
fabsf@u                                            cstackBANK5  0005B7
fabsf@x                                            cstackBANK5  0005B3
floorf@F521                                        bssBANK6     000691
floorf@e                                           cstackBANK5  0005C1
floorf@m                                           cstackBANK5  0005BD
floorf@u                                           cstackBANK5  0005C3
floorf@x                                           cstackBANK5  0005B3
fputc@c                                            cstackCOMRAM 000511
fputc@fp                                           cstackCOMRAM 000513
fputs@c                                            cstackCOMRAM 00051E
fputs@fp                                           cstackCOMRAM 00051C
fputs@i                                            cstackCOMRAM 00051F
fputs@s                                            cstackCOMRAM 00051A
i2I2C1_AddrTransmit@addr                           cstackCOMRAM 000501
i2I2C1_CounterSet@counter                          cstackCOMRAM 000502
i2_I2C1_AddrTransmit                               text112      016A00
i2_I2C1_CounterSet                                 text111      0169F8
i2_I2C1_InterruptsEnable                           text124      016928
i2_I2C1_StartSend                                  text110      016A40
i2c_lcd_command@cmd                                cstackCOMRAM 000520
i2c_lcd_goto@F17405                                dataBANK6    0006E6
i2c_lcd_goto@col                                   cstackCOMRAM 000526
i2c_lcd_goto@row                                   cstackCOMRAM 000521
i2c_lcd_goto@row_offsets                           cstackCOMRAM 000522
i2c_lcd_puts@str                                   cstackCOMRAM 000520
i2c_lcd_write@ch                                   cstackCOMRAM 00051F
intlevel0                                          text         000000
intlevel1                                          text         000000
intlevel2                                          text         000000
intlevel3                                          text         000000
isa$std                                            (abs)        000001
isa$xinst                                          (abs)        000000
ivt0x8_base                                        ivt0x8       000008
ivt0x8_undefint                                    ivt0x8       000100
labs@a                                             cstackCOMRAM 000511
main@alert_str                                     cstackBANK6  000634
main@current_distance                              cstackBANK6  000674
main@current_movement                              cstackBANK6  000678
main@hcsr04_trigger_counter                        bssBANK6     0006D2
main@i                                             cstackBANK6  000676
main@mpu_update_counter                            bssBANK6     0006D4
memcpy@d                                           cstackCOMRAM 000517
memcpy@d1                                          cstackCOMRAM 000511
memcpy@n                                           cstackCOMRAM 000515
memcpy@s                                           cstackCOMRAM 000519
memcpy@s1                                          cstackCOMRAM 000513
memcpy@tmp                                         cstackCOMRAM 00051B
pad@buf                                            cstackCOMRAM 000523
pad@fp                                             cstackCOMRAM 000521
pad@i                                              cstackCOMRAM 000528
pad@p                                              cstackCOMRAM 000525
read_prec_or_width@ap                              cstackCOMRAM 000513
read_prec_or_width@c                               cstackCOMRAM 000517
read_prec_or_width@fmt                             cstackCOMRAM 000511
read_prec_or_width@n                               cstackCOMRAM 000518
sprintf@ap                                         cstackBANK6  00061D
sprintf@f                                          cstackBANK6  00061F
sprintf@fmt                                        cstackBANK6  000617
sprintf@s                                          cstackBANK6  000615
sqrtf@i                                            cstackBANK5  000582
sqrtf@ix                                           cstackBANK5  000596
sqrtf@m                                            cstackBANK5  00058E
sqrtf@q                                            cstackBANK5  000586
sqrtf@r                                            cstackBANK5  000592
sqrtf@s                                            cstackBANK5  00057E
sqrtf@t                                            cstackBANK5  00058A
sqrtf@x                                            cstackBANK5  000575
stackhi                                            (abs)        000000
stacklo                                            (abs)        000000
start                                              init         000102
start_initialization                               cinit        015AF8
strcpy@d                                           cstackCOMRAM 000515
strcpy@dest                                        cstackCOMRAM 000511
strcpy@src                                         cstackCOMRAM 000513
vfpfcnvrt@ap                                       cstackBANK6  000604
vfpfcnvrt@c                                        cstackBANK6  00060A
vfpfcnvrt@convarg                                  cstackBANK6  000606
vfpfcnvrt@cp                                       cstackBANK6  00060B
vfpfcnvrt@fmt                                      cstackBANK6  000602
vfpfcnvrt@fp                                       cstackBANK6  000600
vfprintf@ap                                        cstackBANK6  000611
vfprintf@cfmt                                      cstackBANK6  000613
vfprintf@fmt                                       cstackBANK6  00060F
vfprintf@fp                                        cstackBANK6  00060D


MODULE INFORMATION

Module		Function		Class		Link	Load	Size
/Applications/microchip/xc8/v3.00/pic/sources/c99/common/flge.c
		___flge        		CODE           	14C4A	0000	262

/Applications/microchip/xc8/v3.00/pic/sources/c99/common/flge.c estimated size: 262

/Applications/microchip/xc8/v3.00/pic/sources/c99/common/atanf.c
		_atanf         		CODE           	109FC	0000	1928

/Applications/microchip/xc8/v3.00/pic/sources/c99/common/atanf.c estimated size: 1928

/Applications/microchip/xc8/v3.00/pic/sources/c99/common/__fpclassifyf.c
		___fpclassifyf 		CODE           	14D50	0000	254

/Applications/microchip/xc8/v3.00/pic/sources/c99/common/__fpclassifyf.c estimated size: 254

/Applications/microchip/xc8/v3.00/pic/sources/c99/common/doprnt.c
		_read_prec_or_width		CODE           	14F3E	0000	204
		_vfpfcnvrt     		CODE           	13984	0000	588
		_efgtoa        		CODE           	10000	0000	2556
		_pad           		CODE           	15C5E	0000	110
		_vfprintf      		CODE           	15EAE	0000	86

/Applications/microchip/xc8/v3.00/pic/sources/c99/common/doprnt.c estimated size: 3544

/Applications/microchip/xc8/v3.00/pic/sources/c99/common/memcpy.c
		_memcpy        		CODE           	16050	0000	80

/Applications/microchip/xc8/v3.00/pic/sources/c99/common/memcpy.c estimated size: 80

/Applications/microchip/xc8/v3.00/pic/sources/c99/common/putch.c
		_putch         		CODE           	16A5A	0000	2

/Applications/microchip/xc8/v3.00/pic/sources/c99/common/putch.c estimated size: 2

I2C_MPU6050.c
		_MPU6050_GetMovement		CODE           	1364A	0000	826
		_MPU6050_WriteRegister		CODE           	159F6	0000	130
		_MPU6050_ReadRegister		CODE           	157C0	0000	146
		_MPU6050_Init  		CODE           	153C0	0000	182
		_MPU6050_ReadSensorRaw		CODE           	14548	0000	404
		_MPU6050_Calibrate		CODE           	12F04	0000	948
		_DetectAdvancedGestures		CODE           	1400E	0000	460
		_MPU6050_ReadSensorData		CODE           	12710	0000	1040

I2C_MPU6050.c estimated size: 4136

/Applications/microchip/xc8/v3.00/pic/sources/c99/common/sprcmul.c
		___flmul       		CODE           	122E8	0000	1064

/Applications/microchip/xc8/v3.00/pic/sources/c99/common/sprcmul.c estimated size: 1064

/Applications/microchip/xc8/v3.00/pic/sources/c99/common/__lldiv.c
		___lldiv       		CODE           	15680	0000	164

/Applications/microchip/xc8/v3.00/pic/sources/c99/common/__lldiv.c estimated size: 164

/Applications/microchip/xc8/v3.00/pic/sources/c99/common/sprcdiv.c
		___fldiv       		CODE           	132B8	0000	914

/Applications/microchip/xc8/v3.00/pic/sources/c99/common/sprcdiv.c estimated size: 914

/Applications/microchip/xc8/v3.00/pic/sources/c99/common/awmod.c
		___awmod       		CODE           	15528	0000	174

/Applications/microchip/xc8/v3.00/pic/sources/c99/common/awmod.c estimated size: 174

/Applications/microchip/xc8/v3.00/pic/sources/c99/common/nf_fputc.c
		_fputc         		CODE           	1500A	0000	202

/Applications/microchip/xc8/v3.00/pic/sources/c99/common/nf_fputc.c estimated size: 202

mcc_generated_files/system/src/interrupt.c
		_INT0_SetInterruptHandler		CODE           	169A2	0000	14
		_INT1_SetInterruptHandler		CODE           	16994	0000	14
		_INT2_SetInterruptHandler		CODE           	16986	0000	14
		_INTERRUPT_Initialize		CODE           	15972	0000	132
		_INT0_DefaultInterruptHandler		CODE           	16A5E	0000	2
		_INT0_CallBack 		CODE           	16484	0000	50
		_INT1_DefaultInterruptHandler		CODE           	16A60	0000	2
		_INT1_CallBack 		CODE           	164B6	0000	50
		_INT2_DefaultInterruptHandler		CODE           	16A62	0000	2
		_INT2_CallBack 		CODE           	164E8	0000	50
		_Default_ISR   		CODE           	16A5C	0000	2
		_INT0_ISR      		CODE           	16758	0000	24
		_INT1_ISR      		CODE           	16770	0000	24
		_INT2_ISR      		CODE           	16788	0000	24

mcc_generated_files/system/src/interrupt.c estimated size: 404

mcc_generated_files/pwm/src/ccp2.c
		_CCP2_LoadDutyValue		CODE           	1633C	0000	56
		_CCP2_Initialize		CODE           	167E2	0000	22

mcc_generated_files/pwm/src/ccp2.c estimated size: 78

/Applications/microchip/xc8/v3.00/pic/sources/c99/common/lwdiv.c
		___lwdiv       		CODE           	15BEA	0000	116

/Applications/microchip/xc8/v3.00/pic/sources/c99/common/lwdiv.c estimated size: 116

/Applications/microchip/xc8/v3.00/pic/sources/c99/common/sqrtf.c
		_sqrtf         		CODE           	12B20	0000	996

/Applications/microchip/xc8/v3.00/pic/sources/c99/common/sqrtf.c estimated size: 996

MotorControl.c
		_Robot_TurnRight		CODE           	1680E	0000	22
		_Motors_SynchronizedStart		CODE           	141DA	0000	442
		_Robot_MoveBackward		CODE           	16850	0000	22
		_Motor_Stop    		CODE           	16722	0000	28
		_Motor_SetSpeed		CODE           	15476	0000	178
		_Motors_SynchronizedStop		CODE           	1620A	0000	66
		_ConvertPercentToPWM		CODE           	15D98	0000	98
		_Motors_StopAll		CODE           	169B0	0000	14
		_Motors_Initialize		CODE           	16A1C	0000	6
		_Robot_TurnLeft		CODE           	16824	0000	22
		_Robot_Stop    		CODE           	16A16	0000	6
		_Motor_SetDirection		CODE           	14E4E	0000	240
		_Robot_MoveForward		CODE           	1683A	0000	22
		_Motors_SynchronizedDirection		CODE           	15250	0000	184

MotorControl.c estimated size: 1350

mcc_generated_files/uart/src/uart1.c
		_UART1_DefaultOverrunErrorCallback		CODE           	16A66	0000	2
		_UART1_RxCompleteCallbackRegister		CODE           	1665A	0000	34
		_UART1_IsRxReady		CODE           	168EA	0000	22
		_UART1_IsTxReady		CODE           	167CC	0000	22
		_UART1_Write   		CODE           	16134	0000	74
		_UART1_DefaultParityErrorCallback		CODE           	16A64	0000	2
		_UART1_FramingErrorCallbackRegister		CODE           	166C0	0000	34
		_UART1_Transmit_Vector_ISR		CODE           	16A54	0000	6
		_UART1_Receive_Vector_ISR		CODE           	168D4	0000	22
		_UART1_OverrunErrorCallbackRegister		CODE           	1669E	0000	34
		_UART1_ReceiveISR		CODE           	1486C	0000	376
		_UART1_Initialize		CODE           	15724	0000	156
		_UART1_Read    		CODE           	16450	0000	52
		_UART1_DefaultFramingErrorCallback		CODE           	16A68	0000	2
		_UART1_TransmitISR		CODE           	1641A	0000	54
		_UART1_ParityErrorCallbackRegister		CODE           	1667C	0000	34

mcc_generated_files/uart/src/uart1.c estimated size: 926

mcc_generated_files/i2c_host/src/i2c1.c
		_I2C1_RX_ISR   		CODE           	1693C	0000	20
		_I2C1_InterruptsEnable		CODE           	16900	0000	20
		_I2C1_WriteStart		CODE           	16302	0000	58
		_I2C1_CounterGet		CODE           	16A3A	0000	6
		_I2C1_CounterSet		CODE           	169E0	0000	8
		_I2C1_ReadStart		CODE           	1660E	0000	38
		_I2C1_InterruptsClear		CODE           	16A46	0000	6
		_I2C1_RestartEnable		CODE           	16A28	0000	6
		_I2C1_ISR      		CODE           	15854	0000	146
		_I2C1_DataReceive		CODE           	16A4C	0000	6
		_I2C1_IsData   		CODE           	1687C	0000	22
		_I2C1_IsNack   		CODE           	16866	0000	22
		_I2C1_IsAddr   		CODE           	168BE	0000	22
		_I2C1_IsBusy   		CODE           	16572	0000	42
		_I2C1_InterruptsDisable		CODE           	16976	0000	16
		_I2C1_BufferClear		CODE           	16A08	0000	8
		_I2C1_BusReset 		CODE           	1624C	0000	62
		_I2C1_Initialize		CODE           	15DFA	0000	90
		_I2C1_Close    		CODE           	16634	0000	38
		_I2C1_IsBusCol 		CODE           	168A8	0000	22
		_I2C1_ERROR_ISR		CODE           	15308	0000	184
		_I2C1_Write    		CODE           	15FAE	0000	82
		_I2C1_ErrorFlagsClear		CODE           	169D6	0000	10
		_I2C1_TX_ISR   		CODE           	16950	0000	20
		_I2C1_StopSend 		CODE           	165E8	0000	38
		_I2C1_RestartDisable		CODE           	16A34	0000	6
		_I2C1_DataTransmit		CODE           	169F0	0000	8
		_I2C1_AddrTransmit		CODE           	169E8	0000	8
		_I2C1_IsBusTimeOut		CODE           	16892	0000	22
		_I2C1_WriteRead		CODE           	15F5A	0000	84
		_I2C1_StartSend		CODE           	16A22	0000	6

mcc_generated_files/i2c_host/src/i2c1.c estimated size: 1126

/Applications/microchip/xc8/v3.00/pic/sources/c99/common/fltol.c
		___fltol       		CODE           	14B42	0000	264

/Applications/microchip/xc8/v3.00/pic/sources/c99/common/fltol.c estimated size: 264

/Applications/microchip/xc8/v3.00/pic/sources/c99/common/Umul32.c
		___lmul        		CODE           	15CCC	0000	106

/Applications/microchip/xc8/v3.00/pic/sources/c99/common/Umul32.c estimated size: 106

/Applications/microchip/xc8/v3.00/pic/sources/c99/common/fleq.c
		___fleq        		CODE           	155D6	0000	170

/Applications/microchip/xc8/v3.00/pic/sources/c99/common/fleq.c estimated size: 170

HC_SR04.c
		_HC_SR04_Get_Filtered_Value		CODE           	15192	0000	190
		_HC_SR04_Trigger_Pulse		CODE           	1673E	0000	24
		_HC_SR04_Measure_Echo_Time		CODE           	13BD0	0000	552
		_HC_SR04_Add_To_Filter		CODE           	15E54	0000	90
		_HC_SR04_Get_Last_Status		CODE           	16A2E	0000	6
		_HC_SR04_Read_Distance_CM		CODE           	146DC	0000	400
		_HC_SR04_Init  		CODE           	169BE	0000	14

HC_SR04.c estimated size: 1276

mcc_generated_files/system/src/pins.c
		_PIN_MANAGER_Initialize		CODE           	150D4	0000	190

mcc_generated_files/system/src/pins.c estimated size: 190

/Applications/microchip/xc8/v3.00/pic/sources/c99/common/xxtofl.c
		___xxtofl      		CODE           	14394	0000	436

/Applications/microchip/xc8/v3.00/pic/sources/c99/common/xxtofl.c estimated size: 436

shared
		_aT1           		MEDIUMCONST    	0000	0000	0
		_aT2           		MEDIUMCONST    	0000	0000	0
		_aT3           		MEDIUMCONST    	0000	0000	0
		_aT4           		MEDIUMCONST    	0000	0000	0
		i2_I2C1_CounterSet		CODE           	169F8	0000	8
		_atanhi        		MEDIUMCONST    	FDAD	0000	16
		i2_I2C1_InterruptsEnable		CODE           	16928	0000	20
		i2_I2C1_AddrTransmit		CODE           	16A00	0000	8
		__initialization		CODE           	15AF8	0000	118
		_I2C1_Host     		MEDIUMCONST    	FD7F	0000	30
		_pi            		MEDIUMCONST    	0000	0000	0
		i2_I2C1_StartSend		CODE           	16A40	0000	6
		_aT0           		MEDIUMCONST    	0000	0000	0
		_pi_lo         		MEDIUMCONST    	0000	0000	0
		_atanlo        		MEDIUMCONST    	FD9D	0000	16

shared estimated size: 222

I2C_LCD.c
		_i2c_lcd_init  		CODE           	149E4	0000	350
		_i2c_lcd_goto  		CODE           	160A0	0000	74
		_i2c_lcd_puts  		CODE           	15D36	0000	98
		_i2c_lcd_write 		CODE           	167A0	0000	22
		_i2c_lcd_clear 		CODE           	167B6	0000	22
		__lcd_send     		CODE           	162C6	0000	60
		_i2c_lcd_command		CODE           	160EA	0000	74
		_PCF_Wr        		CODE           	15A78	0000	128
		__write_nibble 		CODE           	158E6	0000	140

I2C_LCD.c estimated size: 968

/Applications/microchip/xc8/v3.00/pic/sources/c99/common/sprcadd.c
		___flsub       		CODE           	1617E	0000	72
		___fladd       		CODE           	11E30	0000	1208

/Applications/microchip/xc8/v3.00/pic/sources/c99/common/sprcadd.c estimated size: 1280

/Applications/microchip/xc8/v3.00/pic/sources/c99/common/floorf.c
		_floorf        		CODE           	13DF8	0000	534

/Applications/microchip/xc8/v3.00/pic/sources/c99/common/floorf.c estimated size: 534

/Applications/microchip/xc8/v3.00/pic/sources/c99/common/strcpy.c
		_strcpy        		CODE           	1628A	0000	60

/Applications/microchip/xc8/v3.00/pic/sources/c99/common/strcpy.c estimated size: 60

mcc_generated_files/timer/src/tmr4.c
		_TMR4_Initialize		CODE           	1659C	0000	38

mcc_generated_files/timer/src/tmr4.c estimated size: 38

mcc_generated_files/timer/src/tmr2.c
		_TMR2_Initialize		CODE           	165C2	0000	38

mcc_generated_files/timer/src/tmr2.c estimated size: 38

mcc_generated_files/system/src/clock.c
		_CLOCK_Initialize		CODE           	16914	0000	20

mcc_generated_files/system/src/clock.c estimated size: 20

/Applications/microchip/xc8/v3.00/pic/sources/c99/common/flneg.c
		___flneg       		CODE           	163AC	0000	56

/Applications/microchip/xc8/v3.00/pic/sources/c99/common/flneg.c estimated size: 56

/Applications/microchip/xc8/v3.00/pic/sources/c99/common/fabsf.c
		_fabsf         		CODE           	163E4	0000	54

/Applications/microchip/xc8/v3.00/pic/sources/c99/common/fabsf.c estimated size: 54

mcc_generated_files/timer/src/tmr0.c
		_TMR0_CounterGet		CODE           	16704	0000	30
		_TMR0_Initialize		CODE           	1651A	0000	46
		_TMR0_Start    		CODE           	16A10	0000	6

mcc_generated_files/timer/src/tmr0.c estimated size: 82

/Applications/microchip/xc8/v3.00/pic/sources/c99/common/labs.c
		_labs          		CODE           	15F04	0000	86

/Applications/microchip/xc8/v3.00/pic/sources/c99/common/labs.c estimated size: 86

mcc_generated_files/pwm/src/ccp1.c
		_CCP1_LoadDutyValue		CODE           	16374	0000	56
		_CCP1_Initialize		CODE           	167F8	0000	22

mcc_generated_files/pwm/src/ccp1.c estimated size: 78

main.c
		_main          		CODE           	11184	0000	1670
		_UART1_sendString		CODE           	15B74	0000	118
		_UART1_RxDataHandler		CODE           	166E2	0000	34

main.c estimated size: 1822

/Applications/microchip/xc8/v3.00/pic/sources/c99/common/nf_fputs.c
		_fputs         		CODE           	161C6	0000	68

/Applications/microchip/xc8/v3.00/pic/sources/c99/common/nf_fputs.c estimated size: 68

/Applications/microchip/xc8/v3.00/pic/sources/c99/common/atan2f.c
		_atan2f        		CODE           	1180A	0000	1574

/Applications/microchip/xc8/v3.00/pic/sources/c99/common/atan2f.c estimated size: 1574

/Applications/microchip/xc8/v3.00/pic/sources/c99/common/nf_sprintf.c
		_sprintf       		CODE           	16000	0000	80

/Applications/microchip/xc8/v3.00/pic/sources/c99/common/nf_sprintf.c estimated size: 80

mcc_generated_files/system/src/system.c
		_SYSTEM_Initialize		CODE           	16548	0000	42

mcc_generated_files/system/src/system.c estimated size: 42

